e2e	Set up job	ï»¿2026-01-25T00:47:09.2439416Z Current runner version: '2.331.0'
e2e	Set up job	2026-01-25T00:47:09.2468272Z ##[group]Runner Image Provisioner
e2e	Set up job	2026-01-25T00:47:09.2469268Z Hosted Compute Agent
e2e	Set up job	2026-01-25T00:47:09.2469904Z Version: 20260115.477
e2e	Set up job	2026-01-25T00:47:09.2470493Z Commit: 4b342d620503cbe250a3154040964899ea7c9b00
e2e	Set up job	2026-01-25T00:47:09.2471222Z Build Date: 2026-01-15T22:32:41Z
e2e	Set up job	2026-01-25T00:47:09.2471856Z Worker ID: {d6b47b29-2b11-4145-8914-516041cc849f}
e2e	Set up job	2026-01-25T00:47:09.2472574Z Azure Region: northcentralus
e2e	Set up job	2026-01-25T00:47:09.2473103Z ##[endgroup]
e2e	Set up job	2026-01-25T00:47:09.2474652Z ##[group]Operating System
e2e	Set up job	2026-01-25T00:47:09.2475274Z Ubuntu
e2e	Set up job	2026-01-25T00:47:09.2475698Z 24.04.3
e2e	Set up job	2026-01-25T00:47:09.2476429Z LTS
e2e	Set up job	2026-01-25T00:47:09.2476898Z ##[endgroup]
e2e	Set up job	2026-01-25T00:47:09.2477375Z ##[group]Runner Image
e2e	Set up job	2026-01-25T00:47:09.2477974Z Image: ubuntu-24.04
e2e	Set up job	2026-01-25T00:47:09.2478489Z Version: 20260119.4.1
e2e	Set up job	2026-01-25T00:47:09.2479440Z Included Software: https://github.com/actions/runner-images/blob/ubuntu24/20260119.4/images/ubuntu/Ubuntu2404-Readme.md
e2e	Set up job	2026-01-25T00:47:09.2481197Z Image Release: https://github.com/actions/runner-images/releases/tag/ubuntu24%2F20260119.4
e2e	Set up job	2026-01-25T00:47:09.2482064Z ##[endgroup]
e2e	Set up job	2026-01-25T00:47:09.2484722Z ##[group]GITHUB_TOKEN Permissions
e2e	Set up job	2026-01-25T00:47:09.2487490Z Actions: write
e2e	Set up job	2026-01-25T00:47:09.2488563Z ArtifactMetadata: write
e2e	Set up job	2026-01-25T00:47:09.2489122Z Attestations: write
e2e	Set up job	2026-01-25T00:47:09.2489645Z Checks: write
e2e	Set up job	2026-01-25T00:47:09.2490135Z Contents: write
e2e	Set up job	2026-01-25T00:47:09.2490669Z Deployments: write
e2e	Set up job	2026-01-25T00:47:09.2491186Z Discussions: write
e2e	Set up job	2026-01-25T00:47:09.2491729Z Issues: write
e2e	Set up job	2026-01-25T00:47:09.2492234Z Metadata: read
e2e	Set up job	2026-01-25T00:47:09.2492691Z Models: read
e2e	Set up job	2026-01-25T00:47:09.2493230Z Packages: write
e2e	Set up job	2026-01-25T00:47:09.2493708Z Pages: write
e2e	Set up job	2026-01-25T00:47:09.2494347Z PullRequests: write
e2e	Set up job	2026-01-25T00:47:09.2494853Z RepositoryProjects: write
e2e	Set up job	2026-01-25T00:47:09.2495498Z SecurityEvents: write
e2e	Set up job	2026-01-25T00:47:09.2496190Z Statuses: write
e2e	Set up job	2026-01-25T00:47:09.2496848Z ##[endgroup]
e2e	Set up job	2026-01-25T00:47:09.2499262Z Secret source: Actions
e2e	Set up job	2026-01-25T00:47:09.2500343Z Prepare workflow directory
e2e	Set up job	2026-01-25T00:47:09.2854048Z Prepare all required actions
e2e	Set up job	2026-01-25T00:47:09.2894951Z Getting action download info
e2e	Set up job	2026-01-25T00:47:09.6237308Z Download action repository 'actions/checkout@v4' (SHA:34e114876b0b11c390a56381ad16ebd13914f8d5)
e2e	Set up job	2026-01-25T00:47:09.7784108Z Download action repository 'actions/upload-artifact@v4' (SHA:ea165f8d65b6e75b540449e92b4886f43607fa02)
e2e	Set up job	2026-01-25T00:47:10.0506317Z Complete job name: e2e
e2e	Checkout code	ï»¿2026-01-25T00:47:10.1319550Z ##[group]Run actions/checkout@v4
e2e	Checkout code	2026-01-25T00:47:10.1320557Z with:
e2e	Checkout code	2026-01-25T00:47:10.1321041Z   repository: Anansitrading/automaker
e2e	Checkout code	2026-01-25T00:47:10.1321924Z   token: ***
e2e	Checkout code	2026-01-25T00:47:10.1322347Z   ssh-strict: true
e2e	Checkout code	2026-01-25T00:47:10.1322781Z   ssh-user: git
e2e	Checkout code	2026-01-25T00:47:10.1323215Z   persist-credentials: true
e2e	Checkout code	2026-01-25T00:47:10.1323708Z   clean: true
e2e	Checkout code	2026-01-25T00:47:10.1324158Z   sparse-checkout-cone-mode: true
e2e	Checkout code	2026-01-25T00:47:10.1324687Z   fetch-depth: 1
e2e	Checkout code	2026-01-25T00:47:10.1325152Z   fetch-tags: false
e2e	Checkout code	2026-01-25T00:47:10.1325591Z   show-progress: true
e2e	Checkout code	2026-01-25T00:47:10.1326422Z   lfs: false
e2e	Checkout code	2026-01-25T00:47:10.1326996Z   submodules: false
e2e	Checkout code	2026-01-25T00:47:10.1327468Z   set-safe-directory: true
e2e	Checkout code	2026-01-25T00:47:10.1328324Z ##[endgroup]
e2e	Checkout code	2026-01-25T00:47:10.2497959Z Syncing repository: Anansitrading/automaker
e2e	Checkout code	2026-01-25T00:47:10.2500897Z ##[group]Getting Git version info
e2e	Checkout code	2026-01-25T00:47:10.2502150Z Working directory is '/home/runner/work/automaker/automaker'
e2e	Checkout code	2026-01-25T00:47:10.2503354Z [command]/usr/bin/git version
e2e	Checkout code	2026-01-25T00:47:10.2577605Z git version 2.52.0
e2e	Checkout code	2026-01-25T00:47:10.2621729Z ##[endgroup]
e2e	Checkout code	2026-01-25T00:47:10.2642556Z Temporarily overriding HOME='/home/runner/work/_temp/9d9964ce-0f66-4156-9fb4-009d7fedc220' before making global git config changes
e2e	Checkout code	2026-01-25T00:47:10.2644173Z Adding repository directory to the temporary git global config as a safe directory
e2e	Checkout code	2026-01-25T00:47:10.2662755Z [command]/usr/bin/git config --global --add safe.directory /home/runner/work/automaker/automaker
e2e	Checkout code	2026-01-25T00:47:10.2710922Z Deleting the contents of '/home/runner/work/automaker/automaker'
e2e	Checkout code	2026-01-25T00:47:10.2715255Z ##[group]Initializing the repository
e2e	Checkout code	2026-01-25T00:47:10.2720417Z [command]/usr/bin/git init /home/runner/work/automaker/automaker
e2e	Checkout code	2026-01-25T00:47:10.2818796Z hint: Using 'master' as the name for the initial branch. This default branch name
e2e	Checkout code	2026-01-25T00:47:10.2823058Z hint: will change to "main" in Git 3.0. To configure the initial branch name
e2e	Checkout code	2026-01-25T00:47:10.2825057Z hint: to use in all of your new repositories, which will suppress this warning,
e2e	Checkout code	2026-01-25T00:47:10.2826906Z hint: call:
e2e	Checkout code	2026-01-25T00:47:10.2827699Z hint:
e2e	Checkout code	2026-01-25T00:47:10.2828647Z hint: 	git config --global init.defaultBranch <name>
e2e	Checkout code	2026-01-25T00:47:10.2829837Z hint:
e2e	Checkout code	2026-01-25T00:47:10.2830953Z hint: Names commonly chosen instead of 'master' are 'main', 'trunk' and
e2e	Checkout code	2026-01-25T00:47:10.2832756Z hint: 'development'. The just-created branch can be renamed via this command:
e2e	Checkout code	2026-01-25T00:47:10.2834278Z hint:
e2e	Checkout code	2026-01-25T00:47:10.2835025Z hint: 	git branch -m <name>
e2e	Checkout code	2026-01-25T00:47:10.2835848Z hint:
e2e	Checkout code	2026-01-25T00:47:10.2837224Z hint: Disable this message with "git config set advice.defaultBranchName false"
e2e	Checkout code	2026-01-25T00:47:10.2839290Z Initialized empty Git repository in /home/runner/work/automaker/automaker/.git/
e2e	Checkout code	2026-01-25T00:47:10.2842785Z [command]/usr/bin/git remote add origin https://github.com/Anansitrading/automaker
e2e	Checkout code	2026-01-25T00:47:10.2881007Z ##[endgroup]
e2e	Checkout code	2026-01-25T00:47:10.2882594Z ##[group]Disabling automatic garbage collection
e2e	Checkout code	2026-01-25T00:47:10.2884864Z [command]/usr/bin/git config --local gc.auto 0
e2e	Checkout code	2026-01-25T00:47:10.2924961Z ##[endgroup]
e2e	Checkout code	2026-01-25T00:47:10.2926650Z ##[group]Setting up auth
e2e	Checkout code	2026-01-25T00:47:10.2933287Z [command]/usr/bin/git config --local --name-only --get-regexp core\.sshCommand
e2e	Checkout code	2026-01-25T00:47:10.2973595Z [command]/usr/bin/git submodule foreach --recursive sh -c "git config --local --name-only --get-regexp 'core\.sshCommand' && git config --local --unset-all 'core.sshCommand' || :"
e2e	Checkout code	2026-01-25T00:47:10.3347336Z [command]/usr/bin/git config --local --name-only --get-regexp http\.https\:\/\/github\.com\/\.extraheader
e2e	Checkout code	2026-01-25T00:47:10.3384843Z [command]/usr/bin/git submodule foreach --recursive sh -c "git config --local --name-only --get-regexp 'http\.https\:\/\/github\.com\/\.extraheader' && git config --local --unset-all 'http.https://github.com/.extraheader' || :"
e2e	Checkout code	2026-01-25T00:47:10.3637963Z [command]/usr/bin/git config --local --name-only --get-regexp ^includeIf\.gitdir:
e2e	Checkout code	2026-01-25T00:47:10.3676434Z [command]/usr/bin/git submodule foreach --recursive git config --local --show-origin --name-only --get-regexp remote.origin.url
e2e	Checkout code	2026-01-25T00:47:10.3939971Z [command]/usr/bin/git config --local http.https://github.com/.extraheader AUTHORIZATION: basic ***
e2e	Checkout code	2026-01-25T00:47:10.3989870Z ##[endgroup]
e2e	Checkout code	2026-01-25T00:47:10.3992180Z ##[group]Fetching the repository
e2e	Checkout code	2026-01-25T00:47:10.4001023Z [command]/usr/bin/git -c protocol.version=2 fetch --no-tags --prune --no-recurse-submodules --depth=1 origin +7c668744efd58bc4a1a4d3bb283ff113083c8334:refs/remotes/origin/main
e2e	Checkout code	2026-01-25T00:47:11.3352901Z From https://github.com/Anansitrading/automaker
e2e	Checkout code	2026-01-25T00:47:11.3356696Z  * [new ref]         7c668744efd58bc4a1a4d3bb283ff113083c8334 -> origin/main
e2e	Checkout code	2026-01-25T00:47:11.3390176Z ##[endgroup]
e2e	Checkout code	2026-01-25T00:47:11.3391943Z ##[group]Determining the checkout info
e2e	Checkout code	2026-01-25T00:47:11.3393564Z ##[endgroup]
e2e	Checkout code	2026-01-25T00:47:11.3396356Z [command]/usr/bin/git sparse-checkout disable
e2e	Checkout code	2026-01-25T00:47:11.3441163Z [command]/usr/bin/git config --local --unset-all extensions.worktreeConfig
e2e	Checkout code	2026-01-25T00:47:11.3472195Z ##[group]Checking out the ref
e2e	Checkout code	2026-01-25T00:47:11.3475836Z [command]/usr/bin/git checkout --progress --force -B main refs/remotes/origin/main
e2e	Checkout code	2026-01-25T00:47:11.5572011Z Switched to a new branch 'main'
e2e	Checkout code	2026-01-25T00:47:11.5573833Z branch 'main' set up to track 'origin/main'.
e2e	Checkout code	2026-01-25T00:47:11.5633776Z ##[endgroup]
e2e	Checkout code	2026-01-25T00:47:11.5636957Z [command]/usr/bin/git log -1 --format=%H
e2e	Checkout code	2026-01-25T00:47:11.5662173Z 7c668744efd58bc4a1a4d3bb283ff113083c8334
e2e	Setup project	ï»¿2026-01-25T00:47:11.6126817Z Prepare all required actions
e2e	Setup project	2026-01-25T00:47:11.6128402Z Getting action download info
e2e	Setup project	2026-01-25T00:47:11.7448739Z Download action repository 'actions/setup-node@v4' (SHA:49933ea5288caeca8642d1e84afbd3f7d6820020)
e2e	Setup project	2026-01-25T00:47:11.9154230Z ##[group]Run ./.github/actions/setup-project
e2e	Setup project	2026-01-25T00:47:11.9155371Z with:
e2e	Setup project	2026-01-25T00:47:11.9156285Z   check-lockfile: true
e2e	Setup project	2026-01-25T00:47:11.9157173Z   rebuild-node-pty-path: apps/server
e2e	Setup project	2026-01-25T00:47:11.9158181Z   node-version: 22
e2e	Setup project	2026-01-25T00:47:11.9158944Z ##[endgroup]
e2e	Setup project	2026-01-25T00:47:11.9464488Z ##[group]Run actions/setup-node@v4
e2e	Setup project	2026-01-25T00:47:11.9465594Z with:
e2e	Setup project	2026-01-25T00:47:11.9466686Z   node-version: 22
e2e	Setup project	2026-01-25T00:47:11.9467493Z   cache: npm
e2e	Setup project	2026-01-25T00:47:11.9468318Z   cache-dependency-path: package-lock.json
e2e	Setup project	2026-01-25T00:47:11.9469410Z   always-auth: false
e2e	Setup project	2026-01-25T00:47:11.9470231Z   check-latest: false
e2e	Setup project	2026-01-25T00:47:11.9471410Z   token: ***
e2e	Setup project	2026-01-25T00:47:11.9472149Z ##[endgroup]
e2e	Setup project	2026-01-25T00:47:12.1581554Z Found in cache @ /opt/hostedtoolcache/node/22.22.0/x64
e2e	Setup project	2026-01-25T00:47:12.1585344Z ##[group]Environment details
e2e	Setup project	2026-01-25T00:47:14.4658083Z node: v22.22.0
e2e	Setup project	2026-01-25T00:47:14.4658815Z npm: 10.9.4
e2e	Setup project	2026-01-25T00:47:14.4659162Z yarn: 1.22.22
e2e	Setup project	2026-01-25T00:47:14.4660287Z ##[endgroup]
e2e	Setup project	2026-01-25T00:47:14.4683769Z [command]/opt/hostedtoolcache/node/22.22.0/x64/bin/npm config get cache
e2e	Setup project	2026-01-25T00:47:14.7017813Z /home/runner/.npm
e2e	Setup project	2026-01-25T00:47:14.8303505Z npm cache is not found
e2e	Setup project	2026-01-25T00:47:14.8457595Z ##[group]Run npm run lint:lockfile
e2e	Setup project	2026-01-25T00:47:14.8457991Z [36;1mnpm run lint:lockfile[0m
e2e	Setup project	2026-01-25T00:47:14.8501875Z shell: /usr/bin/bash --noprofile --norc -e -o pipefail {0}
e2e	Setup project	2026-01-25T00:47:14.8502290Z ##[endgroup]
e2e	Setup project	2026-01-25T00:47:14.9843165Z 
e2e	Setup project	2026-01-25T00:47:14.9850407Z > automaker@0.12.0rc lint:lockfile
e2e	Setup project	2026-01-25T00:47:14.9850949Z > node scripts/lint-lockfile.mjs
e2e	Setup project	2026-01-25T00:47:14.9851175Z 
e2e	Setup project	2026-01-25T00:47:15.0240199Z âœ“ No git+ssh:// URLs found in package-lock.json
e2e	Setup project	2026-01-25T00:47:15.0368993Z ##[group]Run git config --global url."https://github.com/".insteadOf "git@github.com:"
e2e	Setup project	2026-01-25T00:47:15.0369694Z [36;1mgit config --global url."https://github.com/".insteadOf "git@github.com:"[0m
e2e	Setup project	2026-01-25T00:47:15.0402458Z shell: /usr/bin/bash --noprofile --norc -e -o pipefail {0}
e2e	Setup project	2026-01-25T00:47:15.0402833Z ##[endgroup]
e2e	Setup project	2026-01-25T00:47:15.0499122Z ##[group]Run npm install --ignore-scripts --force
e2e	Setup project	2026-01-25T00:47:15.0499526Z [36;1mnpm install --ignore-scripts --force[0m
e2e	Setup project	2026-01-25T00:47:15.0531970Z shell: /usr/bin/bash --noprofile --norc -e -o pipefail {0}
e2e	Setup project	2026-01-25T00:47:15.0532326Z ##[endgroup]
e2e	Setup project	2026-01-25T00:47:15.1371759Z npm warn using --force Recommended protections disabled.
e2e	Setup project	2026-01-25T00:47:19.7529065Z npm warn deprecated rimraf@2.6.3: Rimraf versions prior to v4 are no longer supported
e2e	Setup project	2026-01-25T00:47:21.3972893Z npm warn deprecated inflight@1.0.6: This module is not supported, and leaks memory. Do not use it. Check out lru-cache if you want a good and tested way to coalesce async requests by a key value, which is much more comprehensive and powerful.
e2e	Setup project	2026-01-25T00:47:21.5683798Z npm warn deprecated glob@7.2.3: Glob versions prior to v9 are no longer supported
e2e	Setup project	2026-01-25T00:47:23.1586230Z npm warn deprecated boolean@3.2.0: Package no longer supported. Contact Support at https://www.npmjs.com/support for more info.
e2e	Setup project	2026-01-25T00:47:24.3204333Z npm warn deprecated tar@6.2.1: Old versions of tar are not supported, and contain widely publicized security vulnerabilities, which have been fixed in the current version. Please update. Support for old versions may be purchased (at exhorbitant rates) by contacting i@izs.me
e2e	Setup project	2026-01-25T00:47:29.2650408Z npm warn deprecated tar@7.5.3: Old versions of tar are not supported, and contain widely publicized security vulnerabilities, which have been fixed in the current version. Please update. Support for old versions may be purchased (at exhorbitant rates) by contacting i@izs.me
e2e	Setup project	2026-01-25T00:47:39.0569494Z 
e2e	Setup project	2026-01-25T00:47:39.0570426Z added 1384 packages, and audited 1394 packages in 24s
e2e	Setup project	2026-01-25T00:47:39.0571743Z 
e2e	Setup project	2026-01-25T00:47:39.0572061Z 333 packages are looking for funding
e2e	Setup project	2026-01-25T00:47:39.0572706Z   run `npm fund` for details
e2e	Setup project	2026-01-25T00:47:39.0759186Z 
e2e	Setup project	2026-01-25T00:47:39.0760636Z 6 high severity vulnerabilities
e2e	Setup project	2026-01-25T00:47:39.0760978Z 
e2e	Setup project	2026-01-25T00:47:39.0761345Z To address issues that do not require attention, run:
e2e	Setup project	2026-01-25T00:47:39.0761893Z   npm audit fix
e2e	Setup project	2026-01-25T00:47:39.0762104Z 
e2e	Setup project	2026-01-25T00:47:39.0762481Z To address all issues (including breaking changes), run:
e2e	Setup project	2026-01-25T00:47:39.0763089Z   npm audit fix --force
e2e	Setup project	2026-01-25T00:47:39.0763339Z 
e2e	Setup project	2026-01-25T00:47:39.0763523Z Run `npm audit` for details.
e2e	Setup project	2026-01-25T00:47:39.1724108Z ##[group]Run npm install --no-save --force --ignore-scripts \
e2e	Setup project	2026-01-25T00:47:39.1724580Z [36;1mnpm install --no-save --force --ignore-scripts \[0m
e2e	Setup project	2026-01-25T00:47:39.1724924Z [36;1m  @rollup/rollup-linux-x64-gnu@4.53.3 \[0m
e2e	Setup project	2026-01-25T00:47:39.1725265Z [36;1m  @tailwindcss/oxide-linux-x64-gnu@4.1.17[0m
e2e	Setup project	2026-01-25T00:47:39.1758403Z shell: /usr/bin/bash --noprofile --norc -e -o pipefail {0}
e2e	Setup project	2026-01-25T00:47:39.1758765Z ##[endgroup]
e2e	Setup project	2026-01-25T00:47:39.2590868Z npm warn using --force Recommended protections disabled.
e2e	Setup project	2026-01-25T00:47:41.0652697Z 
e2e	Setup project	2026-01-25T00:47:41.0653502Z added 2 packages, changed 2 packages, and audited 1396 packages in 2s
e2e	Setup project	2026-01-25T00:47:41.0653983Z 
e2e	Setup project	2026-01-25T00:47:41.0654475Z 333 packages are looking for funding
e2e	Setup project	2026-01-25T00:47:41.0655556Z   run `npm fund` for details
e2e	Setup project	2026-01-25T00:47:41.0851472Z 
e2e	Setup project	2026-01-25T00:47:41.0852083Z 6 high severity vulnerabilities
e2e	Setup project	2026-01-25T00:47:41.0852421Z 
e2e	Setup project	2026-01-25T00:47:41.0852804Z To address all issues (including breaking changes), run:
e2e	Setup project	2026-01-25T00:47:41.0853178Z   npm audit fix --force
e2e	Setup project	2026-01-25T00:47:41.0853322Z 
e2e	Setup project	2026-01-25T00:47:41.0853448Z Run `npm audit` for details.
e2e	Setup project	2026-01-25T00:47:41.1072530Z ##[group]Run npm run build:packages
e2e	Setup project	2026-01-25T00:47:41.1073073Z [36;1mnpm run build:packages[0m
e2e	Setup project	2026-01-25T00:47:41.1114912Z shell: /usr/bin/bash --noprofile --norc -e -o pipefail {0}
e2e	Setup project	2026-01-25T00:47:41.1115299Z ##[endgroup]
e2e	Setup project	2026-01-25T00:47:41.2151123Z 
e2e	Setup project	2026-01-25T00:47:41.2151686Z > automaker@0.12.0rc build:packages
e2e	Setup project	2026-01-25T00:47:41.2153805Z > npm run build -w @automaker/types && npm run build -w @automaker/platform && npm run build -w @automaker/utils && npm run build -w @automaker/prompts -w @automaker/model-resolver -w @automaker/dependency-resolver && npm run build -w @automaker/git-utils
e2e	Setup project	2026-01-25T00:47:41.2155272Z 
e2e	Setup project	2026-01-25T00:47:41.3381331Z 
e2e	Setup project	2026-01-25T00:47:41.3382092Z > @automaker/types@1.0.0 build
e2e	Setup project	2026-01-25T00:47:41.3382791Z > tsc
e2e	Setup project	2026-01-25T00:47:41.3382998Z 
e2e	Setup project	2026-01-25T00:47:42.5979424Z 
e2e	Setup project	2026-01-25T00:47:42.5980105Z > @automaker/platform@1.0.0 build
e2e	Setup project	2026-01-25T00:47:42.5980642Z > tsc
e2e	Setup project	2026-01-25T00:47:42.5980809Z 
e2e	Setup project	2026-01-25T00:47:44.1782369Z 
e2e	Setup project	2026-01-25T00:47:44.1783504Z > @automaker/utils@1.0.0 build
e2e	Setup project	2026-01-25T00:47:44.1784151Z > tsc
e2e	Setup project	2026-01-25T00:47:44.1784382Z 
e2e	Setup project	2026-01-25T00:47:45.3945284Z 
e2e	Setup project	2026-01-25T00:47:45.3946159Z > @automaker/prompts@1.0.0 build
e2e	Setup project	2026-01-25T00:47:45.3946540Z > tsc
e2e	Setup project	2026-01-25T00:47:45.3946654Z 
e2e	Setup project	2026-01-25T00:47:46.2800536Z 
e2e	Setup project	2026-01-25T00:47:46.2801218Z > @automaker/model-resolver@1.0.0 build
e2e	Setup project	2026-01-25T00:47:46.2801811Z > tsc
e2e	Setup project	2026-01-25T00:47:46.2801941Z 
e2e	Setup project	2026-01-25T00:47:47.0443312Z 
e2e	Setup project	2026-01-25T00:47:47.0444020Z > @automaker/dependency-resolver@1.0.0 build
e2e	Setup project	2026-01-25T00:47:47.0444441Z > tsc
e2e	Setup project	2026-01-25T00:47:47.0444552Z 
e2e	Setup project	2026-01-25T00:47:48.0201627Z 
e2e	Setup project	2026-01-25T00:47:48.0202358Z > @automaker/git-utils@1.0.0 build
e2e	Setup project	2026-01-25T00:47:48.0203248Z > tsc
e2e	Setup project	2026-01-25T00:47:48.0203468Z 
e2e	Setup project	2026-01-25T00:47:48.9408861Z ##[group]Run npm rebuild node-pty
e2e	Setup project	2026-01-25T00:47:48.9409168Z [36;1mnpm rebuild node-pty[0m
e2e	Setup project	2026-01-25T00:47:48.9441181Z shell: /usr/bin/bash --noprofile --norc -e -o pipefail {0}
e2e	Setup project	2026-01-25T00:47:48.9441530Z ##[endgroup]
e2e	Setup project	2026-01-25T00:47:57.0977102Z rebuilt dependencies successfully
e2e	Install Playwright browsers	ï»¿2026-01-25T00:47:57.1175513Z ##[group]Run npx playwright install --with-deps chromium
e2e	Install Playwright browsers	2026-01-25T00:47:57.1175945Z [36;1mnpx playwright install --with-deps chromium[0m
e2e	Install Playwright browsers	2026-01-25T00:47:57.1209068Z shell: /usr/bin/bash -e {0}
e2e	Install Playwright browsers	2026-01-25T00:47:57.1209334Z ##[endgroup]
e2e	Install Playwright browsers	2026-01-25T00:47:58.0424799Z Installing dependencies...
e2e	Install Playwright browsers	2026-01-25T00:47:58.0507382Z Switching to root user to install dependencies...
e2e	Install Playwright browsers	2026-01-25T00:47:58.1687586Z Get:1 file:/etc/apt/apt-mirrors.txt Mirrorlist [144 B]
e2e	Install Playwright browsers	2026-01-25T00:47:58.2038052Z Hit:6 https://packages.microsoft.com/repos/azure-cli noble InRelease
e2e	Install Playwright browsers	2026-01-25T00:47:58.2044383Z Hit:2 http://azure.archive.ubuntu.com/ubuntu noble InRelease
e2e	Install Playwright browsers	2026-01-25T00:47:58.2049326Z Get:7 https://packages.microsoft.com/ubuntu/24.04/prod noble InRelease [3600 B]
e2e	Install Playwright browsers	2026-01-25T00:47:58.2082737Z Get:3 http://azure.archive.ubuntu.com/ubuntu noble-updates InRelease [126 kB]
e2e	Install Playwright browsers	2026-01-25T00:47:58.2131941Z Get:4 http://azure.archive.ubuntu.com/ubuntu noble-backports InRelease [126 kB]
e2e	Install Playwright browsers	2026-01-25T00:47:58.2138628Z Get:5 http://azure.archive.ubuntu.com/ubuntu noble-security InRelease [126 kB]
e2e	Install Playwright browsers	2026-01-25T00:47:58.4347870Z Get:8 https://packages.microsoft.com/ubuntu/24.04/prod noble/main armhf Packages [12.3 kB]
e2e	Install Playwright browsers	2026-01-25T00:47:58.4502119Z Get:9 https://packages.microsoft.com/ubuntu/24.04/prod noble/main amd64 Packages [85.3 kB]
e2e	Install Playwright browsers	2026-01-25T00:47:58.4546334Z Get:10 https://packages.microsoft.com/ubuntu/24.04/prod noble/main arm64 Packages [66.2 kB]
e2e	Install Playwright browsers	2026-01-25T00:47:58.4566988Z Get:11 https://packages.microsoft.com/ubuntu/24.04/prod noble/main all Packages [650 B]
e2e	Install Playwright browsers	2026-01-25T00:47:58.4942051Z Get:12 http://azure.archive.ubuntu.com/ubuntu noble-updates/main amd64 Packages [1699 kB]
e2e	Install Playwright browsers	2026-01-25T00:47:58.5040244Z Get:13 http://azure.archive.ubuntu.com/ubuntu noble-updates/main Translation-en [314 kB]
e2e	Install Playwright browsers	2026-01-25T00:47:58.5063086Z Get:14 http://azure.archive.ubuntu.com/ubuntu noble-updates/main amd64 Components [175 kB]
e2e	Install Playwright browsers	2026-01-25T00:47:58.5080275Z Get:15 http://azure.archive.ubuntu.com/ubuntu noble-updates/main amd64 c-n-f Metadata [16.0 kB]
e2e	Install Playwright browsers	2026-01-25T00:47:58.5090879Z Get:16 http://azure.archive.ubuntu.com/ubuntu noble-updates/universe amd64 Packages [1519 kB]
e2e	Install Playwright browsers	2026-01-25T00:47:58.5175455Z Get:17 http://azure.archive.ubuntu.com/ubuntu noble-updates/universe Translation-en [310 kB]
e2e	Install Playwright browsers	2026-01-25T00:47:58.5202234Z Get:18 http://azure.archive.ubuntu.com/ubuntu noble-updates/universe amd64 Components [385 kB]
e2e	Install Playwright browsers	2026-01-25T00:47:58.5229907Z Get:19 http://azure.archive.ubuntu.com/ubuntu noble-updates/universe amd64 c-n-f Metadata [31.6 kB]
e2e	Install Playwright browsers	2026-01-25T00:47:58.5254671Z Get:20 http://azure.archive.ubuntu.com/ubuntu noble-updates/restricted amd64 Packages [2498 kB]
e2e	Install Playwright browsers	2026-01-25T00:47:58.5380861Z Get:21 http://azure.archive.ubuntu.com/ubuntu noble-updates/restricted Translation-en [573 kB]
e2e	Install Playwright browsers	2026-01-25T00:47:58.5839669Z Get:22 http://azure.archive.ubuntu.com/ubuntu noble-updates/restricted amd64 Components [212 B]
e2e	Install Playwright browsers	2026-01-25T00:47:58.5848396Z Get:23 http://azure.archive.ubuntu.com/ubuntu noble-updates/restricted amd64 c-n-f Metadata [512 B]
e2e	Install Playwright browsers	2026-01-25T00:47:58.5861899Z Get:24 http://azure.archive.ubuntu.com/ubuntu noble-updates/multiverse amd64 Packages [42.9 kB]
e2e	Install Playwright browsers	2026-01-25T00:47:58.5872037Z Get:25 http://azure.archive.ubuntu.com/ubuntu noble-updates/multiverse Translation-en [8340 B]
e2e	Install Playwright browsers	2026-01-25T00:47:58.5883157Z Get:26 http://azure.archive.ubuntu.com/ubuntu noble-updates/multiverse amd64 Components [940 B]
e2e	Install Playwright browsers	2026-01-25T00:47:58.5891811Z Get:27 http://azure.archive.ubuntu.com/ubuntu noble-updates/multiverse amd64 c-n-f Metadata [652 B]
e2e	Install Playwright browsers	2026-01-25T00:47:58.5901071Z Get:28 http://azure.archive.ubuntu.com/ubuntu noble-backports/main amd64 Components [7332 B]
e2e	Install Playwright browsers	2026-01-25T00:47:58.5908428Z Get:29 http://azure.archive.ubuntu.com/ubuntu noble-backports/universe amd64 Components [10.5 kB]
e2e	Install Playwright browsers	2026-01-25T00:47:58.5919336Z Get:30 http://azure.archive.ubuntu.com/ubuntu noble-backports/restricted amd64 Components [216 B]
e2e	Install Playwright browsers	2026-01-25T00:47:58.5928647Z Get:31 http://azure.archive.ubuntu.com/ubuntu noble-backports/multiverse amd64 Components [212 B]
e2e	Install Playwright browsers	2026-01-25T00:47:58.6364979Z Get:32 http://azure.archive.ubuntu.com/ubuntu noble-security/main amd64 Packages [1409 kB]
e2e	Install Playwright browsers	2026-01-25T00:47:58.6443361Z Get:33 http://azure.archive.ubuntu.com/ubuntu noble-security/main Translation-en [229 kB]
e2e	Install Playwright browsers	2026-01-25T00:47:58.6462813Z Get:34 http://azure.archive.ubuntu.com/ubuntu noble-security/main amd64 Components [21.5 kB]
e2e	Install Playwright browsers	2026-01-25T00:47:58.6472017Z Get:35 http://azure.archive.ubuntu.com/ubuntu noble-security/main amd64 c-n-f Metadata [9800 B]
e2e	Install Playwright browsers	2026-01-25T00:47:58.6917759Z Get:36 http://azure.archive.ubuntu.com/ubuntu noble-security/universe amd64 Packages [924 kB]
e2e	Install Playwright browsers	2026-01-25T00:47:58.6969019Z Get:37 http://azure.archive.ubuntu.com/ubuntu noble-security/universe Translation-en [209 kB]
e2e	Install Playwright browsers	2026-01-25T00:47:58.6987860Z Get:38 http://azure.archive.ubuntu.com/ubuntu noble-security/universe amd64 Components [74.3 kB]
e2e	Install Playwright browsers	2026-01-25T00:47:58.7001756Z Get:39 http://azure.archive.ubuntu.com/ubuntu noble-security/universe amd64 c-n-f Metadata [19.7 kB]
e2e	Install Playwright browsers	2026-01-25T00:47:58.7012502Z Get:40 http://azure.archive.ubuntu.com/ubuntu noble-security/restricted amd64 Components [212 B]
e2e	Install Playwright browsers	2026-01-25T00:47:58.7023125Z Get:41 http://azure.archive.ubuntu.com/ubuntu noble-security/multiverse amd64 Packages [28.0 kB]
e2e	Install Playwright browsers	2026-01-25T00:47:58.7033304Z Get:42 http://azure.archive.ubuntu.com/ubuntu noble-security/multiverse Translation-en [6472 B]
e2e	Install Playwright browsers	2026-01-25T00:47:58.7041905Z Get:43 http://azure.archive.ubuntu.com/ubuntu noble-security/multiverse amd64 Components [212 B]
e2e	Install Playwright browsers	2026-01-25T00:48:08.2763481Z Fetched 11.1 MB in 1s (7500 kB/s)
e2e	Install Playwright browsers	2026-01-25T00:48:09.2270075Z Reading package lists...
e2e	Install Playwright browsers	2026-01-25T00:48:09.2542501Z Reading package lists...
e2e	Install Playwright browsers	2026-01-25T00:48:09.5017834Z Building dependency tree...
e2e	Install Playwright browsers	2026-01-25T00:48:09.5025627Z Reading state information...
e2e	Install Playwright browsers	2026-01-25T00:48:09.8122470Z libasound2t64 is already the newest version (1.2.11-1ubuntu0.1).
e2e	Install Playwright browsers	2026-01-25T00:48:09.8123300Z libasound2t64 set to manually installed.
e2e	Install Playwright browsers	2026-01-25T00:48:09.8124046Z libatk-bridge2.0-0t64 is already the newest version (2.52.0-1build1).
e2e	Install Playwright browsers	2026-01-25T00:48:09.8124841Z libatk-bridge2.0-0t64 set to manually installed.
e2e	Install Playwright browsers	2026-01-25T00:48:09.8125643Z libatk1.0-0t64 is already the newest version (2.52.0-1build1).
e2e	Install Playwright browsers	2026-01-25T00:48:09.8126482Z libatk1.0-0t64 set to manually installed.
e2e	Install Playwright browsers	2026-01-25T00:48:09.8127194Z libatspi2.0-0t64 is already the newest version (2.52.0-1build1).
e2e	Install Playwright browsers	2026-01-25T00:48:09.8127870Z libatspi2.0-0t64 set to manually installed.
e2e	Install Playwright browsers	2026-01-25T00:48:09.8128566Z libcairo2 is already the newest version (1.18.0-3build1).
e2e	Install Playwright browsers	2026-01-25T00:48:09.8129224Z libcairo2 set to manually installed.
e2e	Install Playwright browsers	2026-01-25T00:48:09.8129880Z libcups2t64 is already the newest version (2.4.7-1.2ubuntu7.9).
e2e	Install Playwright browsers	2026-01-25T00:48:09.8130521Z libcups2t64 set to manually installed.
e2e	Install Playwright browsers	2026-01-25T00:48:09.8131191Z libdbus-1-3 is already the newest version (1.14.10-4ubuntu4.1).
e2e	Install Playwright browsers	2026-01-25T00:48:09.8131833Z libdbus-1-3 set to manually installed.
e2e	Install Playwright browsers	2026-01-25T00:48:09.8132491Z libdrm2 is already the newest version (2.4.122-1~ubuntu0.24.04.2).
e2e	Install Playwright browsers	2026-01-25T00:48:09.8133122Z libdrm2 set to manually installed.
e2e	Install Playwright browsers	2026-01-25T00:48:09.8133761Z libgbm1 is already the newest version (25.0.7-0ubuntu0.24.04.2).
e2e	Install Playwright browsers	2026-01-25T00:48:09.8134365Z libgbm1 set to manually installed.
e2e	Install Playwright browsers	2026-01-25T00:48:09.8134976Z libnspr4 is already the newest version (2:4.35-1.1build1).
e2e	Install Playwright browsers	2026-01-25T00:48:09.8135592Z libnspr4 set to manually installed.
e2e	Install Playwright browsers	2026-01-25T00:48:09.8136413Z libnss3 is already the newest version (2:3.98-1build1).
e2e	Install Playwright browsers	2026-01-25T00:48:09.8136971Z libnss3 set to manually installed.
e2e	Install Playwright browsers	2026-01-25T00:48:09.8137600Z libpango-1.0-0 is already the newest version (1.52.1+ds-1build1).
e2e	Install Playwright browsers	2026-01-25T00:48:09.8138383Z libpango-1.0-0 set to manually installed.
e2e	Install Playwright browsers	2026-01-25T00:48:09.8139115Z libx11-6 is already the newest version (2:1.8.7-1build1).
e2e	Install Playwright browsers	2026-01-25T00:48:09.8139769Z libx11-6 set to manually installed.
e2e	Install Playwright browsers	2026-01-25T00:48:09.8140349Z libxcb1 is already the newest version (1.15-1ubuntu2).
e2e	Install Playwright browsers	2026-01-25T00:48:09.8141007Z libxcb1 set to manually installed.
e2e	Install Playwright browsers	2026-01-25T00:48:09.8141742Z libxcomposite1 is already the newest version (1:0.4.5-1build3).
e2e	Install Playwright browsers	2026-01-25T00:48:09.8142877Z libxcomposite1 set to manually installed.
e2e	Install Playwright browsers	2026-01-25T00:48:09.8143778Z libxdamage1 is already the newest version (1:1.1.6-1build1).
e2e	Install Playwright browsers	2026-01-25T00:48:09.8144381Z libxdamage1 set to manually installed.
e2e	Install Playwright browsers	2026-01-25T00:48:09.8144984Z libxext6 is already the newest version (2:1.3.4-1build2).
e2e	Install Playwright browsers	2026-01-25T00:48:09.8145526Z libxext6 set to manually installed.
e2e	Install Playwright browsers	2026-01-25T00:48:09.8146372Z libxfixes3 is already the newest version (1:6.0.0-2build1).
e2e	Install Playwright browsers	2026-01-25T00:48:09.8147015Z libxfixes3 set to manually installed.
e2e	Install Playwright browsers	2026-01-25T00:48:09.8147667Z libxkbcommon0 is already the newest version (1.6.0-1build1).
e2e	Install Playwright browsers	2026-01-25T00:48:09.8148323Z libxkbcommon0 set to manually installed.
e2e	Install Playwright browsers	2026-01-25T00:48:09.8149023Z libxrandr2 is already the newest version (2:1.5.2-2build1).
e2e	Install Playwright browsers	2026-01-25T00:48:09.8149656Z libxrandr2 set to manually installed.
e2e	Install Playwright browsers	2026-01-25T00:48:09.8150304Z xvfb is already the newest version (2:21.1.12-1ubuntu1.5).
e2e	Install Playwright browsers	2026-01-25T00:48:09.8151252Z fonts-noto-color-emoji is already the newest version (2.047-0ubuntu0.24.04.1).
e2e	Install Playwright browsers	2026-01-25T00:48:09.8152266Z libfontconfig1 is already the newest version (2.15.0-1.1ubuntu2).
e2e	Install Playwright browsers	2026-01-25T00:48:09.8152984Z libfontconfig1 set to manually installed.
e2e	Install Playwright browsers	2026-01-25T00:48:09.8153754Z libfreetype6 is already the newest version (2.13.2+dfsg-1build3).
e2e	Install Playwright browsers	2026-01-25T00:48:09.8154460Z libfreetype6 set to manually installed.
e2e	Install Playwright browsers	2026-01-25T00:48:09.8181838Z fonts-liberation is already the newest version (1:2.1.5-3).
e2e	Install Playwright browsers	2026-01-25T00:48:09.8182578Z fonts-liberation set to manually installed.
e2e	Install Playwright browsers	2026-01-25T00:48:09.8183248Z The following additional packages will be installed:
e2e	Install Playwright browsers	2026-01-25T00:48:09.8184081Z   gir1.2-glib-2.0 libglib2.0-bin libglib2.0-data xfonts-encodings xfonts-utils
e2e	Install Playwright browsers	2026-01-25T00:48:09.8184676Z Suggested packages:
e2e	Install Playwright browsers	2026-01-25T00:48:09.8184969Z   low-memory-monitor
e2e	Install Playwright browsers	2026-01-25T00:48:09.8185276Z Recommended packages:
e2e	Install Playwright browsers	2026-01-25T00:48:09.8185641Z   fonts-ipafont-mincho fonts-tlwg-loma
e2e	Install Playwright browsers	2026-01-25T00:48:09.9877984Z The following NEW packages will be installed:
e2e	Install Playwright browsers	2026-01-25T00:48:09.9878950Z   fonts-freefont-ttf fonts-ipafont-gothic fonts-tlwg-loma-otf fonts-unifont
e2e	Install Playwright browsers	2026-01-25T00:48:09.9892165Z   fonts-wqy-zenhei xfonts-cyrillic xfonts-encodings xfonts-scalable
e2e	Install Playwright browsers	2026-01-25T00:48:09.9892739Z   xfonts-utils
e2e	Install Playwright browsers	2026-01-25T00:48:09.9899374Z The following packages will be upgraded:
e2e	Install Playwright browsers	2026-01-25T00:48:09.9909697Z   gir1.2-glib-2.0 libglib2.0-0t64 libglib2.0-bin libglib2.0-data
e2e	Install Playwright browsers	2026-01-25T00:48:10.0127846Z 4 upgraded, 9 newly installed, 0 to remove and 63 not upgraded.
e2e	Install Playwright browsers	2026-01-25T00:48:10.0128315Z Need to get 23.0 MB of archives.
e2e	Install Playwright browsers	2026-01-25T00:48:10.0128754Z After this operation, 79.6 MB of additional disk space will be used.
e2e	Install Playwright browsers	2026-01-25T00:48:10.0129254Z Get:1 file:/etc/apt/apt-mirrors.txt Mirrorlist [144 B]
e2e	Install Playwright browsers	2026-01-25T00:48:10.0533473Z Get:2 http://azure.archive.ubuntu.com/ubuntu noble/universe amd64 fonts-ipafont-gothic all 00303-21ubuntu1 [3513 kB]
e2e	Install Playwright browsers	2026-01-25T00:48:10.1082031Z Get:3 http://azure.archive.ubuntu.com/ubuntu noble-updates/main amd64 libglib2.0-data all 2.80.0-6ubuntu3.7 [49.4 kB]
e2e	Install Playwright browsers	2026-01-25T00:48:10.1304130Z Get:4 http://azure.archive.ubuntu.com/ubuntu noble-updates/main amd64 libglib2.0-bin amd64 2.80.0-6ubuntu3.7 [97.9 kB]
e2e	Install Playwright browsers	2026-01-25T00:48:10.1525564Z Get:5 http://azure.archive.ubuntu.com/ubuntu noble-updates/main amd64 gir1.2-glib-2.0 amd64 2.80.0-6ubuntu3.7 [183 kB]
e2e	Install Playwright browsers	2026-01-25T00:48:10.1759434Z Get:6 http://azure.archive.ubuntu.com/ubuntu noble-updates/main amd64 libglib2.0-0t64 amd64 2.80.0-6ubuntu3.7 [1545 kB]
e2e	Install Playwright browsers	2026-01-25T00:48:10.2126963Z Get:7 http://azure.archive.ubuntu.com/ubuntu noble/main amd64 fonts-freefont-ttf all 20211204+svn4273-2 [5641 kB]
e2e	Install Playwright browsers	2026-01-25T00:48:10.2914968Z Get:8 http://azure.archive.ubuntu.com/ubuntu noble/universe amd64 fonts-tlwg-loma-otf all 1:0.7.3-1 [107 kB]
e2e	Install Playwright browsers	2026-01-25T00:48:10.3140087Z Get:9 http://azure.archive.ubuntu.com/ubuntu noble/universe amd64 fonts-unifont all 1:15.1.01-1build1 [2993 kB]
e2e	Install Playwright browsers	2026-01-25T00:48:10.3659310Z Get:10 http://azure.archive.ubuntu.com/ubuntu noble/universe amd64 fonts-wqy-zenhei all 0.9.45-8 [7472 kB]
e2e	Install Playwright browsers	2026-01-25T00:48:10.4638123Z Get:11 http://azure.archive.ubuntu.com/ubuntu noble/main amd64 xfonts-encodings all 1:1.0.5-0ubuntu2 [578 kB]
e2e	Install Playwright browsers	2026-01-25T00:48:10.4919728Z Get:12 http://azure.archive.ubuntu.com/ubuntu noble/main amd64 xfonts-utils amd64 1:7.7+6build3 [94.4 kB]
e2e	Install Playwright browsers	2026-01-25T00:48:10.5145228Z Get:13 http://azure.archive.ubuntu.com/ubuntu noble/universe amd64 xfonts-cyrillic all 1:1.0.5+nmu1 [384 kB]
e2e	Install Playwright browsers	2026-01-25T00:48:10.5422075Z Get:14 http://azure.archive.ubuntu.com/ubuntu noble/main amd64 xfonts-scalable all 1:1.0.3-1.3 [304 kB]
e2e	Install Playwright browsers	2026-01-25T00:48:10.8551882Z Fetched 23.0 MB in 1s (42.2 MB/s)
e2e	Install Playwright browsers	2026-01-25T00:48:10.9094645Z Selecting previously unselected package fonts-ipafont-gothic.
e2e	Install Playwright browsers	2026-01-25T00:48:10.9840261Z (Reading database ... 
e2e	Install Playwright browsers	2026-01-25T00:48:10.9840755Z (Reading database ... 5%
e2e	Install Playwright browsers	2026-01-25T00:48:10.9841117Z (Reading database ... 10%
e2e	Install Playwright browsers	2026-01-25T00:48:10.9841428Z (Reading database ... 15%
e2e	Install Playwright browsers	2026-01-25T00:48:10.9841716Z (Reading database ... 20%
e2e	Install Playwright browsers	2026-01-25T00:48:10.9842004Z (Reading database ... 25%
e2e	Install Playwright browsers	2026-01-25T00:48:10.9842486Z (Reading database ... 30%
e2e	Install Playwright browsers	2026-01-25T00:48:10.9843037Z (Reading database ... 35%
e2e	Install Playwright browsers	2026-01-25T00:48:10.9843528Z (Reading database ... 40%
e2e	Install Playwright browsers	2026-01-25T00:48:10.9843999Z (Reading database ... 45%
e2e	Install Playwright browsers	2026-01-25T00:48:10.9844420Z (Reading database ... 50%
e2e	Install Playwright browsers	2026-01-25T00:48:11.0453340Z (Reading database ... 55%
e2e	Install Playwright browsers	2026-01-25T00:48:11.3023907Z (Reading database ... 60%
e2e	Install Playwright browsers	2026-01-25T00:48:11.4175854Z (Reading database ... 65%
e2e	Install Playwright browsers	2026-01-25T00:48:11.4967657Z (Reading database ... 70%
e2e	Install Playwright browsers	2026-01-25T00:48:11.7011712Z (Reading database ... 75%
e2e	Install Playwright browsers	2026-01-25T00:48:12.2448172Z (Reading database ... 80%
e2e	Install Playwright browsers	2026-01-25T00:48:12.8210647Z (Reading database ... 85%
e2e	Install Playwright browsers	2026-01-25T00:48:13.4054674Z (Reading database ... 90%
e2e	Install Playwright browsers	2026-01-25T00:48:13.9407416Z (Reading database ... 95%
e2e	Install Playwright browsers	2026-01-25T00:48:13.9407969Z (Reading database ... 100%
e2e	Install Playwright browsers	2026-01-25T00:48:13.9408681Z (Reading database ... 217173 files and directories currently installed.)
e2e	Install Playwright browsers	2026-01-25T00:48:13.9455718Z Preparing to unpack .../00-fonts-ipafont-gothic_00303-21ubuntu1_all.deb ...
e2e	Install Playwright browsers	2026-01-25T00:48:13.9546692Z Unpacking fonts-ipafont-gothic (00303-21ubuntu1) ...
e2e	Install Playwright browsers	2026-01-25T00:48:14.2062377Z Preparing to unpack .../01-libglib2.0-data_2.80.0-6ubuntu3.7_all.deb ...
e2e	Install Playwright browsers	2026-01-25T00:48:14.2085087Z Unpacking libglib2.0-data (2.80.0-6ubuntu3.7) over (2.80.0-6ubuntu3.4) ...
e2e	Install Playwright browsers	2026-01-25T00:48:14.2485631Z Preparing to unpack .../02-libglib2.0-bin_2.80.0-6ubuntu3.7_amd64.deb ...
e2e	Install Playwright browsers	2026-01-25T00:48:14.2510652Z Unpacking libglib2.0-bin (2.80.0-6ubuntu3.7) over (2.80.0-6ubuntu3.4) ...
e2e	Install Playwright browsers	2026-01-25T00:48:14.3549544Z Preparing to unpack .../03-gir1.2-glib-2.0_2.80.0-6ubuntu3.7_amd64.deb ...
e2e	Install Playwright browsers	2026-01-25T00:48:14.3573294Z Unpacking gir1.2-glib-2.0:amd64 (2.80.0-6ubuntu3.7) over (2.80.0-6ubuntu3.4) ...
e2e	Install Playwright browsers	2026-01-25T00:48:14.4017681Z Preparing to unpack .../04-libglib2.0-0t64_2.80.0-6ubuntu3.7_amd64.deb ...
e2e	Install Playwright browsers	2026-01-25T00:48:14.4094306Z Unpacking libglib2.0-0t64:amd64 (2.80.0-6ubuntu3.7) over (2.80.0-6ubuntu3.4) ...
e2e	Install Playwright browsers	2026-01-25T00:48:14.4605192Z Selecting previously unselected package fonts-freefont-ttf.
e2e	Install Playwright browsers	2026-01-25T00:48:14.4753700Z Preparing to unpack .../05-fonts-freefont-ttf_20211204+svn4273-2_all.deb ...
e2e	Install Playwright browsers	2026-01-25T00:48:14.4762473Z Unpacking fonts-freefont-ttf (20211204+svn4273-2) ...
e2e	Install Playwright browsers	2026-01-25T00:48:14.5713936Z Selecting previously unselected package fonts-tlwg-loma-otf.
e2e	Install Playwright browsers	2026-01-25T00:48:14.5857328Z Preparing to unpack .../06-fonts-tlwg-loma-otf_1%3a0.7.3-1_all.deb ...
e2e	Install Playwright browsers	2026-01-25T00:48:14.5866662Z Unpacking fonts-tlwg-loma-otf (1:0.7.3-1) ...
e2e	Install Playwright browsers	2026-01-25T00:48:14.6094122Z Selecting previously unselected package fonts-unifont.
e2e	Install Playwright browsers	2026-01-25T00:48:14.6240005Z Preparing to unpack .../07-fonts-unifont_1%3a15.1.01-1build1_all.deb ...
e2e	Install Playwright browsers	2026-01-25T00:48:14.6248357Z Unpacking fonts-unifont (1:15.1.01-1build1) ...
e2e	Install Playwright browsers	2026-01-25T00:48:14.7475710Z Selecting previously unselected package fonts-wqy-zenhei.
e2e	Install Playwright browsers	2026-01-25T00:48:14.7620375Z Preparing to unpack .../08-fonts-wqy-zenhei_0.9.45-8_all.deb ...
e2e	Install Playwright browsers	2026-01-25T00:48:14.7768556Z Unpacking fonts-wqy-zenhei (0.9.45-8) ...
e2e	Install Playwright browsers	2026-01-25T00:48:15.2612682Z Selecting previously unselected package xfonts-encodings.
e2e	Install Playwright browsers	2026-01-25T00:48:15.2756531Z Preparing to unpack .../09-xfonts-encodings_1%3a1.0.5-0ubuntu2_all.deb ...
e2e	Install Playwright browsers	2026-01-25T00:48:15.2765340Z Unpacking xfonts-encodings (1:1.0.5-0ubuntu2) ...
e2e	Install Playwright browsers	2026-01-25T00:48:15.3085505Z Selecting previously unselected package xfonts-utils.
e2e	Install Playwright browsers	2026-01-25T00:48:15.3231033Z Preparing to unpack .../10-xfonts-utils_1%3a7.7+6build3_amd64.deb ...
e2e	Install Playwright browsers	2026-01-25T00:48:15.3240118Z Unpacking xfonts-utils (1:7.7+6build3) ...
e2e	Install Playwright browsers	2026-01-25T00:48:15.3860485Z Selecting previously unselected package xfonts-cyrillic.
e2e	Install Playwright browsers	2026-01-25T00:48:15.4006699Z Preparing to unpack .../11-xfonts-cyrillic_1%3a1.0.5+nmu1_all.deb ...
e2e	Install Playwright browsers	2026-01-25T00:48:15.4015112Z Unpacking xfonts-cyrillic (1:1.0.5+nmu1) ...
e2e	Install Playwright browsers	2026-01-25T00:48:15.4398419Z Selecting previously unselected package xfonts-scalable.
e2e	Install Playwright browsers	2026-01-25T00:48:15.4542258Z Preparing to unpack .../12-xfonts-scalable_1%3a1.0.3-1.3_all.deb ...
e2e	Install Playwright browsers	2026-01-25T00:48:15.4551579Z Unpacking xfonts-scalable (1:1.0.3-1.3) ...
e2e	Install Playwright browsers	2026-01-25T00:48:15.5022052Z Setting up fonts-wqy-zenhei (0.9.45-8) ...
e2e	Install Playwright browsers	2026-01-25T00:48:15.5150612Z Setting up fonts-freefont-ttf (20211204+svn4273-2) ...
e2e	Install Playwright browsers	2026-01-25T00:48:15.5171703Z Setting up libglib2.0-0t64:amd64 (2.80.0-6ubuntu3.7) ...
e2e	Install Playwright browsers	2026-01-25T00:48:15.5391524Z Setting up libglib2.0-data (2.80.0-6ubuntu3.7) ...
e2e	Install Playwright browsers	2026-01-25T00:48:15.5415924Z Setting up fonts-tlwg-loma-otf (1:0.7.3-1) ...
e2e	Install Playwright browsers	2026-01-25T00:48:15.5437280Z Setting up xfonts-encodings (1:1.0.5-0ubuntu2) ...
e2e	Install Playwright browsers	2026-01-25T00:48:15.5457927Z Setting up gir1.2-glib-2.0:amd64 (2.80.0-6ubuntu3.7) ...
e2e	Install Playwright browsers	2026-01-25T00:48:15.5478045Z Setting up fonts-ipafont-gothic (00303-21ubuntu1) ...
e2e	Install Playwright browsers	2026-01-25T00:48:15.5550060Z update-alternatives: using /usr/share/fonts/opentype/ipafont-gothic/ipag.ttf to provide /usr/share/fonts/truetype/fonts-japanese-gothic.ttf (fonts-japanese-gothic.ttf) in auto mode
e2e	Install Playwright browsers	2026-01-25T00:48:15.5568011Z Setting up fonts-unifont (1:15.1.01-1build1) ...
e2e	Install Playwright browsers	2026-01-25T00:48:15.5588465Z Setting up libglib2.0-bin (2.80.0-6ubuntu3.7) ...
e2e	Install Playwright browsers	2026-01-25T00:48:15.5607906Z Setting up xfonts-utils (1:7.7+6build3) ...
e2e	Install Playwright browsers	2026-01-25T00:48:15.5651799Z Setting up xfonts-cyrillic (1:1.0.5+nmu1) ...
e2e	Install Playwright browsers	2026-01-25T00:48:15.6141132Z Setting up xfonts-scalable (1:1.0.3-1.3) ...
e2e	Install Playwright browsers	2026-01-25T00:48:15.6544159Z Processing triggers for libc-bin (2.39-0ubuntu8.6) ...
e2e	Install Playwright browsers	2026-01-25T00:48:15.7360843Z Processing triggers for man-db (2.12.0-4build2) ...
e2e	Install Playwright browsers	2026-01-25T00:48:15.7459236Z Not building database; man-db/auto-update is not 'true'.
e2e	Install Playwright browsers	2026-01-25T00:48:15.7475034Z Processing triggers for fontconfig (2.15.0-1.1ubuntu2) ...
e2e	Install Playwright browsers	2026-01-25T00:48:16.9024039Z 
e2e	Install Playwright browsers	2026-01-25T00:48:16.9024768Z Running kernel seems to be up-to-date.
e2e	Install Playwright browsers	2026-01-25T00:48:16.9025146Z 
e2e	Install Playwright browsers	2026-01-25T00:48:16.9025312Z Restarting services...
e2e	Install Playwright browsers	2026-01-25T00:48:16.9523017Z  systemctl restart packagekit.service php8.3-fpm.service polkit.service udisks2.service
e2e	Install Playwright browsers	2026-01-25T00:48:17.0850079Z 
e2e	Install Playwright browsers	2026-01-25T00:48:17.0851027Z Service restarts being deferred:
e2e	Install Playwright browsers	2026-01-25T00:48:17.0851625Z  systemctl restart ModemManager.service
e2e	Install Playwright browsers	2026-01-25T00:48:17.0852179Z  systemctl restart networkd-dispatcher.service
e2e	Install Playwright browsers	2026-01-25T00:48:17.0852515Z 
e2e	Install Playwright browsers	2026-01-25T00:48:17.0852781Z No containers need to be restarted.
e2e	Install Playwright browsers	2026-01-25T00:48:17.0853067Z 
e2e	Install Playwright browsers	2026-01-25T00:48:17.0853354Z No user sessions are running outdated binaries.
e2e	Install Playwright browsers	2026-01-25T00:48:17.0853680Z 
e2e	Install Playwright browsers	2026-01-25T00:48:17.0854120Z No VM guests are running outdated hypervisor (qemu) binaries on this host.
e2e	Install Playwright browsers	2026-01-25T00:48:18.4317877Z Downloading Chromium 143.0.7499.4 (playwright build v1200) from https://cdn.playwright.dev/dbazure/download/playwright/builds/chromium/1200/chromium-linux.zip
e2e	Install Playwright browsers	2026-01-25T00:48:18.6446642Z |                                                                                |   0% of 164.7 MiB
e2e	Install Playwright browsers	2026-01-25T00:48:18.8050746Z |â– â– â– â– â– â– â– â–                                                                         |  10% of 164.7 MiB
e2e	Install Playwright browsers	2026-01-25T00:48:18.9400615Z |â– â– â– â– â– â– â– â– â– â– â– â– â– â– â– â–                                                                 |  20% of 164.7 MiB
e2e	Install Playwright browsers	2026-01-25T00:48:19.1634975Z |â– â– â– â– â– â– â– â– â– â– â– â– â– â– â– â– â– â– â– â– â– â– â– â–                                                         |  30% of 164.7 MiB
e2e	Install Playwright browsers	2026-01-25T00:48:19.3186196Z |â– â– â– â– â– â– â– â– â– â– â– â– â– â– â– â– â– â– â– â– â– â– â– â– â– â– â– â– â– â– â– â–                                                 |  40% of 164.7 MiB
e2e	Install Playwright browsers	2026-01-25T00:48:19.4353404Z |â– â– â– â– â– â– â– â– â– â– â– â– â– â– â– â– â– â– â– â– â– â– â– â– â– â– â– â– â– â– â– â– â– â– â– â– â– â– â– â–                                         |  50% of 164.7 MiB
e2e	Install Playwright browsers	2026-01-25T00:48:19.5981724Z |â– â– â– â– â– â– â– â– â– â– â– â– â– â– â– â– â– â– â– â– â– â– â– â– â– â– â– â– â– â– â– â– â– â– â– â– â– â– â– â– â– â– â– â– â– â– â– â–                                 |  60% of 164.7 MiB
e2e	Install Playwright browsers	2026-01-25T00:48:19.7262082Z |â– â– â– â– â– â– â– â– â– â– â– â– â– â– â– â– â– â– â– â– â– â– â– â– â– â– â– â– â– â– â– â– â– â– â– â– â– â– â– â– â– â– â– â– â– â– â– â– â– â– â– â– â– â– â– â–                         |  70% of 164.7 MiB
e2e	Install Playwright browsers	2026-01-25T00:48:19.8754663Z |â– â– â– â– â– â– â– â– â– â– â– â– â– â– â– â– â– â– â– â– â– â– â– â– â– â– â– â– â– â– â– â– â– â– â– â– â– â– â– â– â– â– â– â– â– â– â– â– â– â– â– â– â– â– â– â– â– â– â– â– â– â– â– â–                 |  80% of 164.7 MiB
e2e	Install Playwright browsers	2026-01-25T00:48:19.9976349Z |â– â– â– â– â– â– â– â– â– â– â– â– â– â– â– â– â– â– â– â– â– â– â– â– â– â– â– â– â– â– â– â– â– â– â– â– â– â– â– â– â– â– â– â– â– â– â– â– â– â– â– â– â– â– â– â– â– â– â– â– â– â– â– â– â– â– â– â– â– â– â– â–         |  90% of 164.7 MiB
e2e	Install Playwright browsers	2026-01-25T00:48:20.1112911Z |â– â– â– â– â– â– â– â– â– â– â– â– â– â– â– â– â– â– â– â– â– â– â– â– â– â– â– â– â– â– â– â– â– â– â– â– â– â– â– â– â– â– â– â– â– â– â– â– â– â– â– â– â– â– â– â– â– â– â– â– â– â– â– â– â– â– â– â– â– â– â– â– â– â– â– â– â– â– â– â– | 100% of 164.7 MiB
e2e	Install Playwright browsers	2026-01-25T00:48:22.6228515Z Chromium 143.0.7499.4 (playwright build v1200) downloaded to /home/runner/.cache/ms-playwright/chromium-1200
e2e	Install Playwright browsers	2026-01-25T00:48:22.6232752Z Downloading FFMPEG playwright build v1011 from https://cdn.playwright.dev/dbazure/download/playwright/builds/ffmpeg/1011/ffmpeg-linux.zip
e2e	Install Playwright browsers	2026-01-25T00:48:22.7972894Z |                                                                                |   0% of 2.3 MiB
e2e	Install Playwright browsers	2026-01-25T00:48:22.8049386Z |â– â– â– â– â– â– â– â–                                                                         |  10% of 2.3 MiB
e2e	Install Playwright browsers	2026-01-25T00:48:22.8084405Z |â– â– â– â– â– â– â– â– â– â– â– â– â– â– â– â–                                                                 |  20% of 2.3 MiB
e2e	Install Playwright browsers	2026-01-25T00:48:22.8109786Z |â– â– â– â– â– â– â– â– â– â– â– â– â– â– â– â– â– â– â– â– â– â– â– â–                                                         |  30% of 2.3 MiB
e2e	Install Playwright browsers	2026-01-25T00:48:22.8133962Z |â– â– â– â– â– â– â– â– â– â– â– â– â– â– â– â– â– â– â– â– â– â– â– â– â– â– â– â– â– â– â– â–                                                 |  40% of 2.3 MiB
e2e	Install Playwright browsers	2026-01-25T00:48:22.8148402Z |â– â– â– â– â– â– â– â– â– â– â– â– â– â– â– â– â– â– â– â– â– â– â– â– â– â– â– â– â– â– â– â– â– â– â– â– â– â– â– â–                                         |  50% of 2.3 MiB
e2e	Install Playwright browsers	2026-01-25T00:48:22.8168936Z |â– â– â– â– â– â– â– â– â– â– â– â– â– â– â– â– â– â– â– â– â– â– â– â– â– â– â– â– â– â– â– â– â– â– â– â– â– â– â– â– â– â– â– â– â– â– â– â–                                 |  60% of 2.3 MiB
e2e	Install Playwright browsers	2026-01-25T00:48:22.8181906Z |â– â– â– â– â– â– â– â– â– â– â– â– â– â– â– â– â– â– â– â– â– â– â– â– â– â– â– â– â– â– â– â– â– â– â– â– â– â– â– â– â– â– â– â– â– â– â– â– â– â– â– â– â– â– â– â–                         |  70% of 2.3 MiB
e2e	Install Playwright browsers	2026-01-25T00:48:22.8199026Z |â– â– â– â– â– â– â– â– â– â– â– â– â– â– â– â– â– â– â– â– â– â– â– â– â– â– â– â– â– â– â– â– â– â– â– â– â– â– â– â– â– â– â– â– â– â– â– â– â– â– â– â– â– â– â– â– â– â– â– â– â– â– â– â–                 |  80% of 2.3 MiB
e2e	Install Playwright browsers	2026-01-25T00:48:22.8217149Z |â– â– â– â– â– â– â– â– â– â– â– â– â– â– â– â– â– â– â– â– â– â– â– â– â– â– â– â– â– â– â– â– â– â– â– â– â– â– â– â– â– â– â– â– â– â– â– â– â– â– â– â– â– â– â– â– â– â– â– â– â– â– â– â– â– â– â– â– â– â– â– â–         |  90% of 2.3 MiB
e2e	Install Playwright browsers	2026-01-25T00:48:22.8228532Z |â– â– â– â– â– â– â– â– â– â– â– â– â– â– â– â– â– â– â– â– â– â– â– â– â– â– â– â– â– â– â– â– â– â– â– â– â– â– â– â– â– â– â– â– â– â– â– â– â– â– â– â– â– â– â– â– â– â– â– â– â– â– â– â– â– â– â– â– â– â– â– â– â– â– â– â– â– â– â– â– | 100% of 2.3 MiB
e2e	Install Playwright browsers	2026-01-25T00:48:22.8795044Z FFMPEG playwright build v1011 downloaded to /home/runner/.cache/ms-playwright/ffmpeg-1011
e2e	Install Playwright browsers	2026-01-25T00:48:22.8798843Z Downloading Chromium Headless Shell 143.0.7499.4 (playwright build v1200) from https://cdn.playwright.dev/dbazure/download/playwright/builds/chromium/1200/chromium-headless-shell-linux.zip
e2e	Install Playwright browsers	2026-01-25T00:48:23.0781440Z |                                                                                |   0% of 109.7 MiB
e2e	Install Playwright browsers	2026-01-25T00:48:23.2419482Z |â– â– â– â– â– â– â– â–                                                                         |  10% of 109.7 MiB
e2e	Install Playwright browsers	2026-01-25T00:48:23.3400663Z |â– â– â– â– â– â– â– â– â– â– â– â– â– â– â– â–                                                                 |  20% of 109.7 MiB
e2e	Install Playwright browsers	2026-01-25T00:48:23.4841643Z |â– â– â– â– â– â– â– â– â– â– â– â– â– â– â– â– â– â– â– â– â– â– â– â–                                                         |  30% of 109.7 MiB
e2e	Install Playwright browsers	2026-01-25T00:48:23.6131742Z |â– â– â– â– â– â– â– â– â– â– â– â– â– â– â– â– â– â– â– â– â– â– â– â– â– â– â– â– â– â– â– â–                                                 |  40% of 109.7 MiB
e2e	Install Playwright browsers	2026-01-25T00:48:23.7377078Z |â– â– â– â– â– â– â– â– â– â– â– â– â– â– â– â– â– â– â– â– â– â– â– â– â– â– â– â– â– â– â– â– â– â– â– â– â– â– â– â–                                         |  50% of 109.7 MiB
e2e	Install Playwright browsers	2026-01-25T00:48:23.8267807Z |â– â– â– â– â– â– â– â– â– â– â– â– â– â– â– â– â– â– â– â– â– â– â– â– â– â– â– â– â– â– â– â– â– â– â– â– â– â– â– â– â– â– â– â– â– â– â– â–                                 |  60% of 109.7 MiB
e2e	Install Playwright browsers	2026-01-25T00:48:23.9125806Z |â– â– â– â– â– â– â– â– â– â– â– â– â– â– â– â– â– â– â– â– â– â– â– â– â– â– â– â– â– â– â– â– â– â– â– â– â– â– â– â– â– â– â– â– â– â– â– â– â– â– â– â– â– â– â– â–                         |  70% of 109.7 MiB
e2e	Install Playwright browsers	2026-01-25T00:48:24.0027167Z |â– â– â– â– â– â– â– â– â– â– â– â– â– â– â– â– â– â– â– â– â– â– â– â– â– â– â– â– â– â– â– â– â– â– â– â– â– â– â– â– â– â– â– â– â– â– â– â– â– â– â– â– â– â– â– â– â– â– â– â– â– â– â– â–                 |  80% of 109.7 MiB
e2e	Install Playwright browsers	2026-01-25T00:48:24.0778723Z |â– â– â– â– â– â– â– â– â– â– â– â– â– â– â– â– â– â– â– â– â– â– â– â– â– â– â– â– â– â– â– â– â– â– â– â– â– â– â– â– â– â– â– â– â– â– â– â– â– â– â– â– â– â– â– â– â– â– â– â– â– â– â– â– â– â– â– â– â– â– â– â–         |  90% of 109.7 MiB
e2e	Install Playwright browsers	2026-01-25T00:48:24.1533262Z |â– â– â– â– â– â– â– â– â– â– â– â– â– â– â– â– â– â– â– â– â– â– â– â– â– â– â– â– â– â– â– â– â– â– â– â– â– â– â– â– â– â– â– â– â– â– â– â– â– â– â– â– â– â– â– â– â– â– â– â– â– â– â– â– â– â– â– â– â– â– â– â– â– â– â– â– â– â– â– â– | 100% of 109.7 MiB
e2e	Install Playwright browsers	2026-01-25T00:48:26.0113514Z Chromium Headless Shell 143.0.7499.4 (playwright build v1200) downloaded to /home/runner/.cache/ms-playwright/chromium_headless_shell-1200
e2e	Build server	ï»¿2026-01-25T00:48:26.0340527Z ##[group]Run npm run build --workspace=apps/server
e2e	Build server	2026-01-25T00:48:26.0341188Z [36;1mnpm run build --workspace=apps/server[0m
e2e	Build server	2026-01-25T00:48:26.0387499Z shell: /usr/bin/bash -e {0}
e2e	Build server	2026-01-25T00:48:26.0387927Z ##[endgroup]
e2e	Build server	2026-01-25T00:48:26.1588103Z 
e2e	Build server	2026-01-25T00:48:26.1588720Z > @automaker/server@0.12.0 build
e2e	Build server	2026-01-25T00:48:26.1589548Z > tsc && npm run copy-assets
e2e	Build server	2026-01-25T00:48:26.1589884Z 
e2e	Build server	2026-01-25T00:48:33.4246585Z ##[error]src/routes/metrics.ts(2,32): error TS2307: Cannot find module '../../services/telemetry-store.js' or its corresponding type declarations.
e2e	Build server	2026-01-25T00:48:33.4633666Z npm error Lifecycle script `build` failed with error:
e2e	Build server	2026-01-25T00:48:33.4634290Z npm error code 2
e2e	Build server	2026-01-25T00:48:33.4634904Z npm error path /home/runner/work/automaker/automaker/apps/server
e2e	Build server	2026-01-25T00:48:33.4635806Z npm error workspace @automaker/server@0.12.0
e2e	Build server	2026-01-25T00:48:33.4636905Z npm error location /home/runner/work/automaker/automaker/apps/server
e2e	Build server	2026-01-25T00:48:33.4637544Z npm error command failed
e2e	Build server	2026-01-25T00:48:33.4638139Z npm error command sh -c tsc && npm run copy-assets
e2e	Build server	2026-01-25T00:48:33.4709297Z ##[error]Process completed with exit code 2.
e2e	Print backend logs on failure	ï»¿2026-01-25T00:48:33.4769521Z ##[group]Run echo "=== E2E Tests Failed - Backend Logs ==="
e2e	Print backend logs on failure	2026-01-25T00:48:33.4769968Z [36;1mecho "=== E2E Tests Failed - Backend Logs ==="[0m
e2e	Print backend logs on failure	2026-01-25T00:48:33.4770359Z [36;1mcat backend.log 2>/dev/null || echo "No backend log found"[0m
e2e	Print backend logs on failure	2026-01-25T00:48:33.4770686Z [36;1mecho ""[0m
e2e	Print backend logs on failure	2026-01-25T00:48:33.4770909Z [36;1mecho "=== Process status at failure ==="[0m
e2e	Print backend logs on failure	2026-01-25T00:48:33.4771544Z [36;1mps aux | grep -E "(node|tsx)" | grep -v grep || echo "No node processes found"[0m
e2e	Print backend logs on failure	2026-01-25T00:48:33.4771931Z [36;1mecho ""[0m
e2e	Print backend logs on failure	2026-01-25T00:48:33.4772126Z [36;1mecho "=== Port status ==="[0m
e2e	Print backend logs on failure	2026-01-25T00:48:33.4772477Z [36;1mnetstat -tlnp 2>/dev/null | grep :3008 || echo "Port 3008 not listening"[0m
e2e	Print backend logs on failure	2026-01-25T00:48:33.4803636Z shell: /usr/bin/bash -e {0}
e2e	Print backend logs on failure	2026-01-25T00:48:33.4803880Z ##[endgroup]
e2e	Print backend logs on failure	2026-01-25T00:48:33.4856541Z === E2E Tests Failed - Backend Logs ===
e2e	Print backend logs on failure	2026-01-25T00:48:33.4867895Z No backend log found
e2e	Print backend logs on failure	2026-01-25T00:48:33.4868130Z 
e2e	Print backend logs on failure	2026-01-25T00:48:33.4868359Z === Process status at failure ===
e2e	Print backend logs on failure	2026-01-25T00:48:33.4965192Z No node processes found
e2e	Print backend logs on failure	2026-01-25T00:48:33.4965490Z 
e2e	Print backend logs on failure	2026-01-25T00:48:33.4965647Z === Port status ===
e2e	Print backend logs on failure	2026-01-25T00:48:33.5219164Z Port 3008 not listening
e2e	Upload Playwright report	ï»¿2026-01-25T00:48:33.5272307Z ##[group]Run actions/upload-artifact@v4
e2e	Upload Playwright report	2026-01-25T00:48:33.5272591Z with:
e2e	Upload Playwright report	2026-01-25T00:48:33.5272780Z   name: playwright-report
e2e	Upload Playwright report	2026-01-25T00:48:33.5273025Z   path: apps/ui/playwright-report/
e2e	Upload Playwright report	2026-01-25T00:48:33.5273269Z   retention-days: 7
e2e	Upload Playwright report	2026-01-25T00:48:33.5273459Z   if-no-files-found: warn
e2e	Upload Playwright report	2026-01-25T00:48:33.5273670Z   compression-level: 6
e2e	Upload Playwright report	2026-01-25T00:48:33.5273857Z   overwrite: false
e2e	Upload Playwright report	2026-01-25T00:48:33.5274049Z   include-hidden-files: false
e2e	Upload Playwright report	2026-01-25T00:48:33.5274265Z ##[endgroup]
e2e	Upload Playwright report	2026-01-25T00:48:33.7564259Z ##[warning]No files were found with the provided path: apps/ui/playwright-report/. No artifacts will be uploaded.
e2e	Upload test results (screenshots, traces, videos)	ï»¿2026-01-25T00:48:33.7691956Z ##[group]Run actions/upload-artifact@v4
e2e	Upload test results (screenshots, traces, videos)	2026-01-25T00:48:33.7692248Z with:
e2e	Upload test results (screenshots, traces, videos)	2026-01-25T00:48:33.7692428Z   name: test-results
e2e	Upload test results (screenshots, traces, videos)	2026-01-25T00:48:33.7692635Z   path: apps/ui/test-results/
e2e	Upload test results (screenshots, traces, videos)	
e2e	Upload test results (screenshots, traces, videos)	2026-01-25T00:48:33.7692867Z   retention-days: 7
e2e	Upload test results (screenshots, traces, videos)	2026-01-25T00:48:33.7693055Z   if-no-files-found: ignore
e2e	Upload test results (screenshots, traces, videos)	2026-01-25T00:48:33.7693271Z   compression-level: 6
e2e	Upload test results (screenshots, traces, videos)	2026-01-25T00:48:33.7693461Z   overwrite: false
e2e	Upload test results (screenshots, traces, videos)	2026-01-25T00:48:33.7693654Z   include-hidden-files: false
e2e	Upload test results (screenshots, traces, videos)	2026-01-25T00:48:33.7693866Z ##[endgroup]
e2e	Upload test results (screenshots, traces, videos)	2026-01-25T00:48:33.9854657Z No files were found with the provided path: apps/ui/test-results/. No artifacts will be uploaded.
e2e	Cleanup - Kill backend server	ï»¿2026-01-25T00:48:33.9989111Z ##[group]Run if [ -n "$SERVER_PID" ]; then
e2e	Cleanup - Kill backend server	2026-01-25T00:48:33.9989461Z [36;1mif [ -n "$SERVER_PID" ]; then[0m
e2e	Cleanup - Kill backend server	2026-01-25T00:48:33.9989791Z [36;1m  echo "Cleaning up backend server (PID: $SERVER_PID)..."[0m
e2e	Cleanup - Kill backend server	2026-01-25T00:48:33.9990145Z [36;1m  kill $SERVER_PID 2>/dev/null || true[0m
e2e	Cleanup - Kill backend server	2026-01-25T00:48:33.9990483Z [36;1m  kill -9 $SERVER_PID 2>/dev/null || true[0m
e2e	Cleanup - Kill backend server	2026-01-25T00:48:33.9990806Z [36;1m  echo "Backend server cleanup complete"[0m
e2e	Cleanup - Kill backend server	2026-01-25T00:48:33.9991067Z [36;1mfi[0m
e2e	Cleanup - Kill backend server	2026-01-25T00:48:34.0023252Z shell: /usr/bin/bash -e {0}
e2e	Cleanup - Kill backend server	2026-01-25T00:48:34.0023508Z ##[endgroup]
e2e	Post Setup project	ï»¿2026-01-25T00:48:34.0166532Z Post job cleanup.
e2e	Post Checkout code	ï»¿2026-01-25T00:48:34.0239317Z Post job cleanup.
e2e	Post Checkout code	2026-01-25T00:48:34.1209131Z [command]/usr/bin/git version
e2e	Post Checkout code	2026-01-25T00:48:34.1247687Z git version 2.52.0
e2e	Post Checkout code	2026-01-25T00:48:34.1287066Z Copying '/home/runner/.gitconfig' to '/home/runner/work/_temp/25464cf3-62c8-449a-8626-fd0ae0b462fd/.gitconfig'
e2e	Post Checkout code	2026-01-25T00:48:34.1297951Z Temporarily overriding HOME='/home/runner/work/_temp/25464cf3-62c8-449a-8626-fd0ae0b462fd' before making global git config changes
e2e	Post Checkout code	2026-01-25T00:48:34.1299519Z Adding repository directory to the temporary git global config as a safe directory
e2e	Post Checkout code	2026-01-25T00:48:34.1304520Z [command]/usr/bin/git config --global --add safe.directory /home/runner/work/automaker/automaker
e2e	Post Checkout code	2026-01-25T00:48:34.1344335Z [command]/usr/bin/git config --local --name-only --get-regexp core\.sshCommand
e2e	Post Checkout code	2026-01-25T00:48:34.1378420Z [command]/usr/bin/git submodule foreach --recursive sh -c "git config --local --name-only --get-regexp 'core\.sshCommand' && git config --local --unset-all 'core.sshCommand' || :"
e2e	Post Checkout code	2026-01-25T00:48:34.1615779Z [command]/usr/bin/git config --local --name-only --get-regexp http\.https\:\/\/github\.com\/\.extraheader
e2e	Post Checkout code	2026-01-25T00:48:34.1638991Z http.https://github.com/.extraheader
e2e	Post Checkout code	2026-01-25T00:48:34.1652646Z [command]/usr/bin/git config --local --unset-all http.https://github.com/.extraheader
e2e	Post Checkout code	2026-01-25T00:48:34.1685573Z [command]/usr/bin/git submodule foreach --recursive sh -c "git config --local --name-only --get-regexp 'http\.https\:\/\/github\.com\/\.extraheader' && git config --local --unset-all 'http.https://github.com/.extraheader' || :"
e2e	Post Checkout code	2026-01-25T00:48:34.1917517Z [command]/usr/bin/git config --local --name-only --get-regexp ^includeIf\.gitdir:
e2e	Post Checkout code	2026-01-25T00:48:34.1950665Z [command]/usr/bin/git submodule foreach --recursive git config --local --show-origin --name-only --get-regexp remote.origin.url
e2e	Complete job	ï»¿2026-01-25T00:48:34.2299929Z Cleaning up orphan processes
